format
Если на листе отсутствует белый прямоугольник выведите 5 чисел: размер листа и 4 нуля.
Если белый прямоугольник присутствует, выведите 5 чисел: размер листа, координаты левого верхнего угла и правого нижнего угла.
      Каждая координата записывается в виде пары чисел: номер строки (отсчитывается сверху листа от 0) и номер столбца (отсчитывается слева листа от 0).
Не забывайте выводить \n в конце вывода.
ExamplesInput
ffffffff803f803f803f803f803f803f
803fffffffffffffffffffffffffffff
Output
16 2 1 8 9
Input
fffff fffffffffff
Output
8 0 0 0 0
